---
source: c2rust-transpile/tests/snapshots.rs
expression: cat tests/snapshots/empty_init.rs
input_file: c2rust-transpile/tests/snapshots/empty_init.c
---
#![allow(
    dead_code,
    non_camel_case_types,
    non_snake_case,
    non_upper_case_globals,
    unused_assignments,
    unused_mut
)]
#[derive(Copy, Clone)]
#[repr(C)]
pub struct Scope {
    pub next: *mut Scope,
}
#[no_mangle]
pub static mut scope: *mut Scope = &{
    let mut init = Scope {
        next: 0 as *const Scope as *mut Scope,
    };
    init
} as *const Scope as *mut Scope;
